INFO - Converting files
INFO - Converting notebooks in \developer-skills to \developer-skills-student
WARNING - Overwriting \developer-skills-student\assignments\00_jupyter_notebooks.ipynb
WARNING - Overwriting \developer-skills-student\assignments\01_whats_a_computer.ipynb
WARNING - The image \developer-skills\images\whats_a_computer\Terminal_macOS.png is larger than 250 KiB KiB. This will increase the loading time of your notebook. Consider compressing the image.
WARNING - The image \developer-skills\images\whats_a_computer\vs_code.png is larger than 250 KiB KiB. This will increase the loading time of your notebook. Consider compressing the image.
WARNING - Assignment install-vscode has no solution
WARNING - Overwriting \developer-skills-student\assignments\02_file_systems.ipynb
WARNING - Overwriting \developer-skills-student\assignments\03_shell.ipynb
WARNING - Solution cell is not part of an assignment: '### Solution Step 3 echo '#!/usr/bin/env bash' > ~...'
WARNING - Solution cell is not part of an assignment: '### Solution Step 4 chmod 0755 ~/bin/mycmd ### Ske...'
WARNING - Solution cell is not part of an assignment: '### Solution Step 5 export PATH="$HOME/bin:$PATH" ...'
WARNING - Solution cell is not part of an assignment: '### Solution Step 5 mycmd hello world see you soon...'
WARNING - Solution cell is not part of an assignment: '### Solution # Add line `export PATH="$HOME/bin:$P...'
WARNING - Overwriting \developer-skills-student\assignments\04_scripting.ipynb
WARNING - 'Exercise' as Keyword is deprecated. Use 'Assignment' instead
WARNING - Assignment regular has no solution
WARNING - 'Exercise' as Keyword is deprecated. Use 'Assignment' instead
WARNING - Overwriting \developer-skills-student\assignments\05_text_editor.ipynb
WARNING - Overwriting \developer-skills-student\assignments\06_programming_languages.ipynb
WARNING - Assignment writing has no solution
WARNING - Assignment maximum has no solution
WARNING - Assignment fizzbuzz has no solution
WARNING - Assignment implement has no solution
WARNING - Overwriting \developer-skills-student\assignments\07_01_the_internet.ipynb
WARNING - 'Exercise' as Keyword is deprecated. Use 'Assignment' instead
WARNING - Assignment 1 has no solution
WARNING - Overwriting \developer-skills-student\assignments\07_02_the_internet.ipynb
WARNING - 'Exercise' as Keyword is deprecated. Use 'Assignment' instead
WARNING - Assignment 2 has no solution
WARNING - 'Exercise' as Keyword is deprecated. Use 'Assignment' instead
WARNING - Assignment 3 has no solution
WARNING - Overwriting \developer-skills-student\assignments\08_remote_access.ipynb
WARNING - Assignment preparation-for-next-week has no solution
WARNING - Assignment vpn has no solution
WARNING - Assignment vs-code-extension has no solution
WARNING - Assignment graphical-programs-on-a-remote-machine has no solution
WARNING - Overwriting \developer-skills-student\assignments\09_git.ipynb
WARNING - Solution cell is not part of an assignment: '### Solution # ssh-keygen -t ed25519 -C "gunther.g...'
WARNING - Overwriting \developer-skills-student\assignments\14_outlook_tsp_exercise.ipynb
WARNING - Overwriting \developer-skills-student\docs\devskills_internals\presentation.ipynb
WARNING - The image \developer-skills\docs\devskills_internals\img\student_view_get_started.svg is larger than 250 KiB KiB. This will increase the loading time of your notebook. Consider compressing the image.
WARNING - The image \developer-skills\docs\devskills_internals\img\student_view_register.svg is larger than 250 KiB KiB. This will increase the loading time of your notebook. Consider compressing the image.
WARNING - The image \developer-skills\docs\devskills_internals\img\lecturer_view.svg is larger than 250 KiB KiB. This will increase the loading time of your notebook. Consider compressing the image.
WARNING - The image \developer-skills\docs\devskills_internals\img\dockerfile_gitlab_pipeline.png is larger than 250 KiB KiB. This will increase the loading time of your notebook. Consider compressing the image.
WARNING - The image \developer-skills\docs\devskills_internals\img\dockerfile_jupyter.png is larger than 250 KiB KiB. This will increase the loading time of your notebook. Consider compressing the image.
WARNING - The image \developer-skills\docs\devskills_internals\img\kubernetes_manifest_jhub.png is larger than 250 KiB KiB. This will increase the loading time of your notebook. Consider compressing the image.
WARNING - The image \developer-skills\docs\devskills_internals\img\gitlab_ci.png is larger than 250 KiB KiB. This will increase the loading time of your notebook. Consider compressing the image.
WARNING - The image \developer-skills\docs\devskills_internals\img\make_student_files.png is larger than 250 KiB KiB. This will increase the loading time of your notebook. Consider compressing the image.
WARNING - The image \developer-skills\docs\devskills_internals\img\make_website_files.png is larger than 250 KiB KiB. This will increase the loading time of your notebook. Consider compressing the image.
WARNING - The image \developer-skills\docs\devskills_internals\img\config.png is larger than 250 KiB KiB. This will increase the loading time of your notebook. Consider compressing the image.
WARNING - Overwriting \developer-skills-student\lectures\00_developer_skills.ipynb
WARNING - The image \developer-skills\images\contributors\tobias_schmidt.jpg is larger than 250 KiB KiB. This will increase the loading time of your notebook. Consider compressing the image.
WARNING - The image \developer-skills\images\contributors\alexander_frummet.jpg is larger than 250 KiB KiB. This will increase the loading time of your notebook. Consider compressing the image.
WARNING - The image \developer-skills\images\contributors\paul_huettl.jpg is larger than 250 KiB KiB. This will increase the loading time of your notebook. Consider compressing the image.
WARNING - The image \developer-skills\images\contributors\nicolas_ihlo.jpg is larger than 250 KiB KiB. This will increase the loading time of your notebook. Consider compressing the image.
WARNING - The image \developer-skills\images\contributors\jiangyue_yao.jpg is larger than 250 KiB KiB. This will increase the loading time of your notebook. Consider compressing the image.
WARNING - The image \developer-skills\images\contributors\andreas_loesch.jpg is larger than 250 KiB KiB. This will increase the loading time of your notebook. Consider compressing the image.
WARNING - The image \developer-skills\images\developer_skills\H51.png is larger than 250 KiB KiB. This will increase the loading time of your notebook. Consider compressing the image.
WARNING - Overwriting \developer-skills-student\lectures\01_whats_a_computer.ipynb
WARNING - The image \developer-skills\images\whats_a_computer\Doors.png is larger than 250 KiB KiB. This will increase the loading time of your notebook. Consider compressing the image.
WARNING - The image \developer-skills\images\whats_a_computer\AbstractionLayers.jpg is larger than 250 KiB KiB. This will increase the loading time of your notebook. Consider compressing the image.
WARNING - The image \developer-skills\images\whats_a_computer\LogicSim.png is larger than 250 KiB KiB. This will increase the loading time of your notebook. Consider compressing the image.
WARNING - The image \developer-skills\images\whats_a_computer\NAND.png is larger than 250 KiB KiB. This will increase the loading time of your notebook. Consider compressing the image.
WARNING - The image \developer-skills\images\whats_a_computer\XOR.png is larger than 250 KiB KiB. This will increase the loading time of your notebook. Consider compressing the image.
WARNING - The image \developer-skills\images\whats_a_computer\HALFADDER.png is larger than 250 KiB KiB. This will increase the loading time of your notebook. Consider compressing the image.
WARNING - The image \developer-skills\images\whats_a_computer\ADDER.png is larger than 250 KiB KiB. This will increase the loading time of your notebook. Consider compressing the image.
WARNING - The image \developer-skills\images\whats_a_computer\4BITADDER.png is larger than 250 KiB KiB. This will increase the loading time of your notebook. Consider compressing the image.
WARNING - Overwriting \developer-skills-student\lectures\02_file_system.ipynb
WARNING - The image \developer-skills\images\file_systems\library.jpg is larger than 250 KiB KiB. This will increase the loading time of your notebook. Consider compressing the image.
WARNING - The image \developer-skills\images\file_systems\ssd.png is larger than 250 KiB KiB. This will increase the loading time of your notebook. Consider compressing the image.
WARNING - Solution cell is not part of an assignment: 'The directory file now needs to keep track of what...'
WARNING - Overwriting \developer-skills-student\lectures\03_shell.ipynb
WARNING - Remote image detected. https://upload.wikimedia.org/wikipedia/commons/thumb/9/9f/DEC_VT100_terminal_transparent.png/512px-DEC_VT100_terminal_transparent.png
WARNING - Got response code 403
ERROR - Request to https://upload.wikimedia.org/wikipedia/commons/thumb/9/9f/DEC_VT100_terminal_transparent.png/512px-DEC_VT100_terminal_transparent.png failed.
WARNING - Remote image detected. https://upload.wikimedia.org/wikipedia/commons/thumb/9/93/Windows_Terminal_v1.0_1138x624.png/1024px-Windows_Terminal_v1.0_1138x624.png
WARNING - Got response code 403
ERROR - Request to https://upload.wikimedia.org/wikipedia/commons/thumb/9/93/Windows_Terminal_v1.0_1138x624.png/1024px-Windows_Terminal_v1.0_1138x624.png failed.
WARNING - Overwriting \developer-skills-student\lectures\04_scripting.ipynb
WARNING - Assignment 1 has no solution
WARNING - Assignment 2 has no solution
WARNING - Overwriting \developer-skills-student\lectures\05_text_editor.ipynb
WARNING - Overwriting \developer-skills-student\lectures\06_programming_languages.ipynb
WARNING - The image \developer-skills\images\programming_languages\pizza_ingredients.webp is larger than 250 KiB KiB. This will increase the loading time of your notebook. Consider compressing the image.
WARNING - 'Exercise' as Keyword is deprecated. Use 'Assignment' instead
WARNING - Assignment maximum has no solution
WARNING - Overwriting \developer-skills-student\lectures\07_the_internet.ipynb
WARNING - The image \developer-skills\images\the_internet\drive_through.jpg is larger than 250 KiB KiB. This will increase the loading time of your notebook. Consider compressing the image.
WARNING - 'Exercise' as Keyword is deprecated. Use 'Assignment' instead
WARNING - Assignment projects has no solution
WARNING - Overwriting \developer-skills-student\lectures\08_remote_access.ipynb
WARNING - The image \developer-skills\images\remote_access\SuperMUC-NG_Angabe-Quelle_F-Loechner.jpg is larger than 250 KiB KiB. This will increase the loading time of your notebook. Consider compressing the image.
WARNING - The image \developer-skills\images\remote_access\ssh_key_git.png is larger than 250 KiB KiB. This will increase the loading time of your notebook. Consider compressing the image.
WARNING - The image \developer-skills\images\remote_access\vs_code_remote.png is larger than 250 KiB KiB. This will increase the loading time of your notebook. Consider compressing the image.
WARNING - Overwriting \developer-skills-student\lectures\09_git.ipynb
WARNING - Overwriting \developer-skills-student\lectures\10_open_source.ipynb
WARNING - The image \developer-skills\images\open_source\lecture08_license01.png is larger than 250 KiB KiB. This will increase the loading time of your notebook. Consider compressing the image.
WARNING - The image \developer-skills\images\open_source\lecture08_license02.png is larger than 250 KiB KiB. This will increase the loading time of your notebook. Consider compressing the image.
WARNING - The image \developer-skills\images\open_source\lecture08_contribute01.jpg is larger than 250 KiB KiB. This will increase the loading time of your notebook. Consider compressing the image.
WARNING - The image \developer-skills\images\open_source\lecture08_contribute02.jpg is larger than 250 KiB KiB. This will increase the loading time of your notebook. Consider compressing the image.
WARNING - The image \developer-skills\images\open_source\lecture08_PR01.png is larger than 250 KiB KiB. This will increase the loading time of your notebook. Consider compressing the image.
WARNING - The image \developer-skills\images\open_source\lecture08_PR02.png is larger than 250 KiB KiB. This will increase the loading time of your notebook. Consider compressing the image.
WARNING - Overwriting \developer-skills-student\lectures\11_taking_notes.ipynb
WARNING - The image \developer-skills\images\taking_notes\L10notebook.jpg is larger than 250 KiB KiB. This will increase the loading time of your notebook. Consider compressing the image.
WARNING - The image \developer-skills\images\taking_notes\L10TeXstudio.png is larger than 250 KiB KiB. This will increase the loading time of your notebook. Consider compressing the image.
WARNING - The image \developer-skills\images\taking_notes\L10Tegernsee.jpg is larger than 250 KiB KiB. This will increase the loading time of your notebook. Consider compressing the image.
WARNING - The image \developer-skills\images\taking_notes\L10Tegernsee.jpg is larger than 250 KiB KiB. This will increase the loading time of your notebook. Consider compressing the image.
WARNING - The image \developer-skills\images\taking_notes\L10Tegernsee.jpg is larger than 250 KiB KiB. This will increase the loading time of your notebook. Consider compressing the image.
WARNING - The image \developer-skills\images\taking_notes\L10Tegernsee.jpg is larger than 250 KiB KiB. This will increase the loading time of your notebook. Consider compressing the image.
WARNING - Overwriting \developer-skills-student\lectures\12_troubleshooting.ipynb
WARNING - Overwriting \developer-skills-student\lectures\13_vms_and_containers.ipynb
WARNING - The image \developer-skills\images\vms_and_containers\vm_vs_container.png is larger than 250 KiB KiB. This will increase the loading time of your notebook. Consider compressing the image.
WARNING - Overwriting \developer-skills-student\lectures\14_outlook.ipynb
WARNING - The image \developer-skills\images\outlook\agrivi.png is larger than 250 KiB KiB. This will increase the loading time of your notebook. Consider compressing the image.
WARNING - The image \developer-skills\images\outlook\sila.png is larger than 250 KiB KiB. This will increase the loading time of your notebook. Consider compressing the image.
WARNING - Solution cell is not part of an assignment: '## We come up with the rules and make a computer a...'
INFO - Notebooks converted
INFO - Updating .gitignore from config
INFO - Dropping cached files...
INFO - Skipping git commit and push
INFO - Done.